14:32:44 **** Incremental Build of configuration Debug for project 0-led-toggle ****
make -j12 all 
arm-none-eabi-gcc "../Src/main.c" -mcpu=cortex-m4 -std=gnu11 -g3 -DDEBUG -DNUCLEO_L432KC -DSTM32L4 -DSTM32 -DSTM32L432KCUx -c -I../Inc -O0 -ffunction-sections -fdata-sections -Wall -fstack-usage -fcyclomatic-complexity -MMD -MP -MF"Src/main.d" -MT"Src/main.o" --specs=nano.specs -mfpu=fpv4-sp-d16 -mfloat-abi=hard -mthumb -o "Src/main.o"
arm-none-eabi-gcc -o "0-led-toggle.elf" @"objects.list"   -mcpu=cortex-m4 -T"D:\Embedded\STM32L432KC Nucleo Board\STM32-Embedded\0-led-toggle\STM32L432KCUX_FLASH.ld" --specs=nosys.specs -Wl,-Map="0-led-toggle.map" -Wl,--gc-sections -static --specs=nano.specs -mfpu=fpv4-sp-d16 -mfloat-abi=hard -mthumb -Wl,--start-group -lc -lm -Wl,--end-group
Finished building target: 0-led-toggle.elf
 
arm-none-eabi-size  0-led-toggle.elf 
arm-none-eabi-objdump -h -S 0-led-toggle.elf  > "0-led-toggle.list"
   text	   data	    bss	    dec	    hex	filename
    748	      0	   1568	   2316	    90c	0-led-toggle.elf
Finished building: default.size.stdout
 
Finished building: 0-led-toggle.list
 

14:32:44 Build Finished. 0 errors, 0 warnings. (took 456ms)

