14:37:31 **** Incremental Build of configuration Debug for project 0-led-toggle-to-struct ****
make -j12 all 
arm-none-eabi-gcc -mcpu=cortex-m4 -g3 -DDEBUG -c -x assembler-with-cpp -MMD -MP -MF"Startup/startup_stm32l432kcux.d" -MT"Startup/startup_stm32l432kcux.o" --specs=nano.specs -mfpu=fpv4-sp-d16 -mfloat-abi=hard -mthumb -o "Startup/startup_stm32l432kcux.o" "../Startup/startup_stm32l432kcux.s"
arm-none-eabi-gcc "../Src/main.c" -mcpu=cortex-m4 -std=gnu11 -g3 -DDEBUG -DNUCLEO_L432KC -DSTM32L4 -DSTM32 -DSTM32L432KCUx -c -I../Inc -O0 -ffunction-sections -fdata-sections -Wall -fstack-usage -fcyclomatic-complexity -MMD -MP -MF"Src/main.d" -MT"Src/main.o" --specs=nano.specs -mfpu=fpv4-sp-d16 -mfloat-abi=hard -mthumb -o "Src/main.o"
arm-none-eabi-gcc "../Src/syscalls.c" -mcpu=cortex-m4 -std=gnu11 -g3 -DDEBUG -DNUCLEO_L432KC -DSTM32L4 -DSTM32 -DSTM32L432KCUx -c -I../Inc -O0 -ffunction-sections -fdata-sections -Wall -fstack-usage -fcyclomatic-complexity -MMD -MP -MF"Src/syscalls.d" -MT"Src/syscalls.o" --specs=nano.specs -mfpu=fpv4-sp-d16 -mfloat-abi=hard -mthumb -o "Src/syscalls.o"
arm-none-eabi-gcc "../Src/sysmem.c" -mcpu=cortex-m4 -std=gnu11 -g3 -DDEBUG -DNUCLEO_L432KC -DSTM32L4 -DSTM32 -DSTM32L432KCUx -c -I../Inc -O0 -ffunction-sections -fdata-sections -Wall -fstack-usage -fcyclomatic-complexity -MMD -MP -MF"Src/sysmem.d" -MT"Src/sysmem.o" --specs=nano.specs -mfpu=fpv4-sp-d16 -mfloat-abi=hard -mthumb -o "Src/sysmem.o"
arm-none-eabi-gcc -o "0-led-toggle-to-struct.elf" @"objects.list"   -mcpu=cortex-m4 -T"D:\Embedded\STM32L432KC Nucleo Board\STM32-Embedded\0-led-toggle-to-struct\STM32L432KCUX_FLASH.ld" --specs=nosys.specs -Wl,-Map="0-led-toggle-to-struct.map" -Wl,--gc-sections -static --specs=nano.specs -mfpu=fpv4-sp-d16 -mfloat-abi=hard -mthumb -Wl,--start-group -lc -lm -Wl,--end-group
Finished building target: 0-led-toggle-to-struct.elf
 
arm-none-eabi-size  0-led-toggle-to-struct.elf 
arm-none-eabi-objdump -h -S 0-led-toggle-to-struct.elf  > "0-led-toggle-to-struct.list"
   text	   data	    bss	    dec	    hex	filename
    744	      0	   1568	   2312	    908	0-led-toggle-to-struct.elf
Finished building: default.size.stdout
 
Finished building: 0-led-toggle-to-struct.list
 

14:37:32 Build Finished. 0 errors, 0 warnings. (took 616ms)

