14:28:54 **** Clean-only build of configuration Debug for project 0-led-toggle-to-struct ****
make -j12 clean 
rm -rf ./Startup/startup_stm32l432kcux.d ./Startup/startup_stm32l432kcux.o
rm -rf ./Src/main.cyclo ./Src/main.d ./Src/main.o ./Src/main.su ./Src/syscalls.cyclo ./Src/syscalls.d ./Src/syscalls.o ./Src/syscalls.su ./Src/sysmem.cyclo ./Src/sysmem.d ./Src/sysmem.o ./Src/sysmem.su
rm -rf 0-led-toggle-to-struct.elf 0-led-toggle-to-struct.list 0-led-toggle-to-struct.map default.size.stdout
 
14:28:54 **** Incremental Build of configuration Debug for project 0-led-toggle-to-struct ****
make -j12 all 
arm-none-eabi-gcc -mcpu=cortex-m4 -g3 -DDEBUG -c -x assembler-with-cpp -MMD -MP -MF"Startup/startup_stm32l432kcux.d" -MT"Startup/startup_stm32l432kcux.o" --specs=nano.specs -mfpu=fpv4-sp-d16 -mfloat-abi=hard -mthumb -o "Startup/startup_stm32l432kcux.o" "../Startup/startup_stm32l432kcux.s"
arm-none-eabi-gcc "../Src/main.c" -mcpu=cortex-m4 -std=gnu11 -g3 -DDEBUG -DNUCLEO_L432KC -DSTM32L4 -DSTM32 -DSTM32L432KCUx -c -I../Inc -O0 -ffunction-sections -fdata-sections -Wall -fstack-usage -fcyclomatic-complexity -MMD -MP -MF"Src/main.d" -MT"Src/main.o" --specs=nano.specs -mfpu=fpv4-sp-d16 -mfloat-abi=hard -mthumb -o "Src/main.o"
arm-none-eabi-gcc "../Src/syscalls.c" -mcpu=cortex-m4 -std=gnu11 -g3 -DDEBUG -DNUCLEO_L432KC -DSTM32L4 -DSTM32 -DSTM32L432KCUx -c -I../Inc -O0 -ffunction-sections -fdata-sections -Wall -fstack-usage -fcyclomatic-complexity -MMD -MP -MF"Src/syscalls.d" -MT"Src/syscalls.o" --specs=nano.specs -mfpu=fpv4-sp-d16 -mfloat-abi=hard -mthumb -o "Src/syscalls.o"
arm-none-eabi-gcc "../Src/sysmem.c" -mcpu=cortex-m4 -std=gnu11 -g3 -DDEBUG -DNUCLEO_L432KC -DSTM32L4 -DSTM32 -DSTM32L432KCUx -c -I../Inc -O0 -ffunction-sections -fdata-sections -Wall -fstack-usage -fcyclomatic-complexity -MMD -MP -MF"Src/sysmem.d" -MT"Src/sysmem.o" --specs=nano.specs -mfpu=fpv4-sp-d16 -mfloat-abi=hard -mthumb -o "Src/sysmem.o"
arm-none-eabi-gcc -o "0-led-toggle-to-struct.elf" @"objects.list"   -mcpu=cortex-m4 -T"D:\Embedded\STM32L432KC Nucleo Board\STM32-Embedded\0-led-toggle-to-struct\STM32L432KCUX_FLASH.ld" --specs=nosys.specs -Wl,-Map="0-led-toggle-to-struct.map" -Wl,--gc-sections -static --specs=nano.specs -mfpu=fpv4-sp-d16 -mfloat-abi=hard -mthumb -Wl,--start-group -lc -lm -Wl,--end-group
Finished building target: 0-led-toggle-to-struct.elf
 
arm-none-eabi-size  0-led-toggle-to-struct.elf 
arm-none-eabi-objdump -h -S 0-led-toggle-to-struct.elf  > "0-led-toggle-to-struct.list"
   text	   data	    bss	    dec	    hex	filename
    744	      0	   1568	   2312	    908	0-led-toggle-to-struct.elf
Finished building: default.size.stdout
 
Finished building: 0-led-toggle-to-struct.list
 
14:29:18 **** Clean-only build of configuration Debug for project 0-led-toggle-to-struct ****
make -j12 clean 
rm -rf ./Startup/startup_stm32l432kcux.d ./Startup/startup_stm32l432kcux.o
rm -rf ./Src/main.cyclo ./Src/main.d ./Src/main.o ./Src/main.su ./Src/syscalls.cyclo ./Src/syscalls.d ./Src/syscalls.o ./Src/syscalls.su ./Src/sysmem.cyclo ./Src/sysmem.d ./Src/sysmem.o ./Src/sysmem.su
rm -rf 0-led-toggle-to-struct.elf 0-led-toggle-to-struct.list 0-led-toggle-to-struct.map default.size.stdout
 
14:29:18 **** Incremental Build of configuration Debug for project 0-led-toggle-to-struct ****
make -j12 all 
arm-none-eabi-gcc -mcpu=cortex-m4 -g3 -DDEBUG -c -x assembler-with-cpp -MMD -MP -MF"Startup/startup_stm32l432kcux.d" -MT"Startup/startup_stm32l432kcux.o" --specs=nano.specs -mfpu=fpv4-sp-d16 -mfloat-abi=hard -mthumb -o "Startup/startup_stm32l432kcux.o" "../Startup/startup_stm32l432kcux.s"
arm-none-eabi-gcc "../Src/main.c" -mcpu=cortex-m4 -std=gnu11 -g3 -DDEBUG -DNUCLEO_L432KC -DSTM32L4 -DSTM32 -DSTM32L432KCUx -c -I../Inc -O0 -ffunction-sections -fdata-sections -Wall -fstack-usage -fcyclomatic-complexity -MMD -MP -MF"Src/main.d" -MT"Src/main.o" --specs=nano.specs -mfpu=fpv4-sp-d16 -mfloat-abi=hard -mthumb -o "Src/main.o"
arm-none-eabi-gcc "../Src/syscalls.c" -mcpu=cortex-m4 -std=gnu11 -g3 -DDEBUG -DNUCLEO_L432KC -DSTM32L4 -DSTM32 -DSTM32L432KCUx -c -I../Inc -O0 -ffunction-sections -fdata-sections -Wall -fstack-usage -fcyclomatic-complexity -MMD -MP -MF"Src/syscalls.d" -MT"Src/syscalls.o" --specs=nano.specs -mfpu=fpv4-sp-d16 -mfloat-abi=hard -mthumb -o "Src/syscalls.o"
arm-none-eabi-gcc "../Src/sysmem.c" -mcpu=cortex-m4 -std=gnu11 -g3 -DDEBUG -DNUCLEO_L432KC -DSTM32L4 -DSTM32 -DSTM32L432KCUx -c -I../Inc -O0 -ffunction-sections -fdata-sections -Wall -fstack-usage -fcyclomatic-complexity -MMD -MP -MF"Src/sysmem.d" -MT"Src/sysmem.o" --specs=nano.specs -mfpu=fpv4-sp-d16 -mfloat-abi=hard -mthumb -o "Src/sysmem.o"
arm-none-eabi-gcc -o "0-led-toggle-to-struct.elf" @"objects.list"   -mcpu=cortex-m4 -T"D:\Embedded\STM32L432KC Nucleo Board\STM32-Embedded\0-led-toggle-to-struct\STM32L432KCUX_FLASH.ld" --specs=nosys.specs -Wl,-Map="0-led-toggle-to-struct.map" -Wl,--gc-sections -static --specs=nano.specs -mfpu=fpv4-sp-d16 -mfloat-abi=hard -mthumb -Wl,--start-group -lc -lm -Wl,--end-group
Finished building target: 0-led-toggle-to-struct.elf
 
arm-none-eabi-size  0-led-toggle-to-struct.elf 
arm-none-eabi-objdump -h -S 0-led-toggle-to-struct.elf  > "0-led-toggle-to-struct.list"
   text	   data	    bss	    dec	    hex	filename
    744	      0	   1568	   2312	    908	0-led-toggle-to-struct.elf
Finished building: default.size.stdout
 
Finished building: 0-led-toggle-to-struct.list
 
14:29:39 **** Clean-only build of configuration Debug for project 0-led-toggle-to-struct ****
make -j12 clean 
rm -rf ./Startup/startup_stm32l432kcux.d ./Startup/startup_stm32l432kcux.o
rm -rf ./Src/main.cyclo ./Src/main.d ./Src/main.o ./Src/main.su ./Src/syscalls.cyclo ./Src/syscalls.d ./Src/syscalls.o ./Src/syscalls.su ./Src/sysmem.cyclo ./Src/sysmem.d ./Src/sysmem.o ./Src/sysmem.su
rm -rf 0-led-toggle-to-struct.elf 0-led-toggle-to-struct.list 0-led-toggle-to-struct.map default.size.stdout
 
14:29:39 **** Incremental Build of configuration Debug for project 0-led-toggle-to-struct ****
make -j12 all 
arm-none-eabi-gcc -mcpu=cortex-m4 -g3 -DDEBUG -c -x assembler-with-cpp -MMD -MP -MF"Startup/startup_stm32l432kcux.d" -MT"Startup/startup_stm32l432kcux.o" --specs=nano.specs -mfpu=fpv4-sp-d16 -mfloat-abi=hard -mthumb -o "Startup/startup_stm32l432kcux.o" "../Startup/startup_stm32l432kcux.s"
arm-none-eabi-gcc "../Src/main.c" -mcpu=cortex-m4 -std=gnu11 -g3 -DDEBUG -DNUCLEO_L432KC -DSTM32L4 -DSTM32 -DSTM32L432KCUx -c -I../Inc -O0 -ffunction-sections -fdata-sections -Wall -fstack-usage -fcyclomatic-complexity -MMD -MP -MF"Src/main.d" -MT"Src/main.o" --specs=nano.specs -mfpu=fpv4-sp-d16 -mfloat-abi=hard -mthumb -o "Src/main.o"
arm-none-eabi-gcc "../Src/syscalls.c" -mcpu=cortex-m4 -std=gnu11 -g3 -DDEBUG -DNUCLEO_L432KC -DSTM32L4 -DSTM32 -DSTM32L432KCUx -c -I../Inc -O0 -ffunction-sections -fdata-sections -Wall -fstack-usage -fcyclomatic-complexity -MMD -MP -MF"Src/syscalls.d" -MT"Src/syscalls.o" --specs=nano.specs -mfpu=fpv4-sp-d16 -mfloat-abi=hard -mthumb -o "Src/syscalls.o"
arm-none-eabi-gcc "../Src/sysmem.c" -mcpu=cortex-m4 -std=gnu11 -g3 -DDEBUG -DNUCLEO_L432KC -DSTM32L4 -DSTM32 -DSTM32L432KCUx -c -I../Inc -O0 -ffunction-sections -fdata-sections -Wall -fstack-usage -fcyclomatic-complexity -MMD -MP -MF"Src/sysmem.d" -MT"Src/sysmem.o" --specs=nano.specs -mfpu=fpv4-sp-d16 -mfloat-abi=hard -mthumb -o "Src/sysmem.o"
arm-none-eabi-gcc -o "0-led-toggle-to-struct.elf" @"objects.list"   -mcpu=cortex-m4 -T"D:\Embedded\STM32L432KC Nucleo Board\STM32-Embedded\0-led-toggle-to-struct\STM32L432KCUX_FLASH.ld" --specs=nosys.specs -Wl,-Map="0-led-toggle-to-struct.map" -Wl,--gc-sections -static --specs=nano.specs -mfpu=fpv4-sp-d16 -mfloat-abi=hard -mthumb -Wl,--start-group -lc -lm -Wl,--end-group
Finished building target: 0-led-toggle-to-struct.elf
 
arm-none-eabi-size  0-led-toggle-to-struct.elf 
arm-none-eabi-objdump -h -S 0-led-toggle-to-struct.elf  > "0-led-toggle-to-struct.list"
   text	   data	    bss	    dec	    hex	filename
    744	      0	   1568	   2312	    908	0-led-toggle-to-struct.elf
Finished building: default.size.stdout
 
Finished building: 0-led-toggle-to-struct.list
 
14:29:54 **** Clean-only build of configuration Debug for project 0-led-toggle-to-struct ****
make -j12 clean 
rm -rf ./Startup/startup_stm32l432kcux.d ./Startup/startup_stm32l432kcux.o
rm -rf ./Src/main.cyclo ./Src/main.d ./Src/main.o ./Src/main.su ./Src/syscalls.cyclo ./Src/syscalls.d ./Src/syscalls.o ./Src/syscalls.su ./Src/sysmem.cyclo ./Src/sysmem.d ./Src/sysmem.o ./Src/sysmem.su
rm -rf 0-led-toggle-to-struct.elf 0-led-toggle-to-struct.list 0-led-toggle-to-struct.map default.size.stdout
 
14:29:54 **** Incremental Build of configuration Debug for project 0-led-toggle-to-struct ****
make -j12 all 
arm-none-eabi-gcc -mcpu=cortex-m4 -g3 -DDEBUG -c -x assembler-with-cpp -MMD -MP -MF"Startup/startup_stm32l432kcux.d" -MT"Startup/startup_stm32l432kcux.o" --specs=nano.specs -mfpu=fpv4-sp-d16 -mfloat-abi=hard -mthumb -o "Startup/startup_stm32l432kcux.o" "../Startup/startup_stm32l432kcux.s"
arm-none-eabi-gcc "../Src/main.c" -mcpu=cortex-m4 -std=gnu11 -g3 -DDEBUG -DNUCLEO_L432KC -DSTM32L4 -DSTM32 -DSTM32L432KCUx -c -I../Inc -O0 -ffunction-sections -fdata-sections -Wall -fstack-usage -fcyclomatic-complexity -MMD -MP -MF"Src/main.d" -MT"Src/main.o" --specs=nano.specs -mfpu=fpv4-sp-d16 -mfloat-abi=hard -mthumb -o "Src/main.o"
arm-none-eabi-gcc "../Src/syscalls.c" -mcpu=cortex-m4 -std=gnu11 -g3 -DDEBUG -DNUCLEO_L432KC -DSTM32L4 -DSTM32 -DSTM32L432KCUx -c -I../Inc -O0 -ffunction-sections -fdata-sections -Wall -fstack-usage -fcyclomatic-complexity -MMD -MP -MF"Src/syscalls.d" -MT"Src/syscalls.o" --specs=nano.specs -mfpu=fpv4-sp-d16 -mfloat-abi=hard -mthumb -o "Src/syscalls.o"
arm-none-eabi-gcc "../Src/sysmem.c" -mcpu=cortex-m4 -std=gnu11 -g3 -DDEBUG -DNUCLEO_L432KC -DSTM32L4 -DSTM32 -DSTM32L432KCUx -c -I../Inc -O0 -ffunction-sections -fdata-sections -Wall -fstack-usage -fcyclomatic-complexity -MMD -MP -MF"Src/sysmem.d" -MT"Src/sysmem.o" --specs=nano.specs -mfpu=fpv4-sp-d16 -mfloat-abi=hard -mthumb -o "Src/sysmem.o"
arm-none-eabi-gcc -o "0-led-toggle-to-struct.elf" @"objects.list"   -mcpu=cortex-m4 -T"D:\Embedded\STM32L432KC Nucleo Board\STM32-Embedded\0-led-toggle-to-struct\STM32L432KCUX_FLASH.ld" --specs=nosys.specs -Wl,-Map="0-led-toggle-to-struct.map" -Wl,--gc-sections -static --specs=nano.specs -mfpu=fpv4-sp-d16 -mfloat-abi=hard -mthumb -Wl,--start-group -lc -lm -Wl,--end-group
Finished building target: 0-led-toggle-to-struct.elf
 
arm-none-eabi-size  0-led-toggle-to-struct.elf 
arm-none-eabi-objdump -h -S 0-led-toggle-to-struct.elf  > "0-led-toggle-to-struct.list"
   text	   data	    bss	    dec	    hex	filename
    744	      0	   1568	   2312	    908	0-led-toggle-to-struct.elf
Finished building: default.size.stdout
 
Finished building: 0-led-toggle-to-struct.list
 
14:34:07 **** Clean-only build of configuration Debug for project 0-led-toggle-to-struct ****
make -j12 clean 
rm -rf ./Startup/startup_stm32l432kcux.d ./Startup/startup_stm32l432kcux.o
rm -rf ./Src/main.cyclo ./Src/main.d ./Src/main.o ./Src/main.su ./Src/syscalls.cyclo ./Src/syscalls.d ./Src/syscalls.o ./Src/syscalls.su ./Src/sysmem.cyclo ./Src/sysmem.d ./Src/sysmem.o ./Src/sysmem.su
rm -rf 0-led-toggle-to-struct.elf 0-led-toggle-to-struct.list 0-led-toggle-to-struct.map default.size.stdout
 
14:34:08 **** Incremental Build of configuration Debug for project 0-led-toggle-to-struct ****
make -j12 all 
arm-none-eabi-gcc -mcpu=cortex-m4 -g3 -DDEBUG -c -x assembler-with-cpp -MMD -MP -MF"Startup/startup_stm32l432kcux.d" -MT"Startup/startup_stm32l432kcux.o" --specs=nano.specs -mfpu=fpv4-sp-d16 -mfloat-abi=hard -mthumb -o "Startup/startup_stm32l432kcux.o" "../Startup/startup_stm32l432kcux.s"
arm-none-eabi-gcc "../Src/main.c" -mcpu=cortex-m4 -std=gnu11 -g3 -DDEBUG -DNUCLEO_L432KC -DSTM32L4 -DSTM32 -DSTM32L432KCUx -c -I../Inc -O0 -ffunction-sections -fdata-sections -Wall -fstack-usage -fcyclomatic-complexity -MMD -MP -MF"Src/main.d" -MT"Src/main.o" --specs=nano.specs -mfpu=fpv4-sp-d16 -mfloat-abi=hard -mthumb -o "Src/main.o"
arm-none-eabi-gcc "../Src/syscalls.c" -mcpu=cortex-m4 -std=gnu11 -g3 -DDEBUG -DNUCLEO_L432KC -DSTM32L4 -DSTM32 -DSTM32L432KCUx -c -I../Inc -O0 -ffunction-sections -fdata-sections -Wall -fstack-usage -fcyclomatic-complexity -MMD -MP -MF"Src/syscalls.d" -MT"Src/syscalls.o" --specs=nano.specs -mfpu=fpv4-sp-d16 -mfloat-abi=hard -mthumb -o "Src/syscalls.o"
arm-none-eabi-gcc "../Src/sysmem.c" -mcpu=cortex-m4 -std=gnu11 -g3 -DDEBUG -DNUCLEO_L432KC -DSTM32L4 -DSTM32 -DSTM32L432KCUx -c -I../Inc -O0 -ffunction-sections -fdata-sections -Wall -fstack-usage -fcyclomatic-complexity -MMD -MP -MF"Src/sysmem.d" -MT"Src/sysmem.o" --specs=nano.specs -mfpu=fpv4-sp-d16 -mfloat-abi=hard -mthumb -o "Src/sysmem.o"
../Src/main.c: In function 'main':
../Src/main.c:62:14: error: 'RCC_TypeDef' has no member named 'RCC_AHB1ENR'; did you mean 'RCC_AHB2ENR'?
   62 |         RCC->RCC_AHB1ENR |= GPIOBEN;
      |              ^~~~~~~~~~~
      |              RCC_AHB2ENR
make: *** [Src/subdir.mk:25: Src/main.o] Error 1
make: *** Waiting for unfinished jobs....
"make -j12 all" terminated with exit code 2. Build might be incomplete.
14:34:16 **** Clean-only build of configuration Debug for project 0-led-toggle-to-struct ****
make -j12 clean 
rm -rf ./Startup/startup_stm32l432kcux.d ./Startup/startup_stm32l432kcux.o
rm -rf ./Src/main.cyclo ./Src/main.d ./Src/main.o ./Src/main.su ./Src/syscalls.cyclo ./Src/syscalls.d ./Src/syscalls.o ./Src/syscalls.su ./Src/sysmem.cyclo ./Src/sysmem.d ./Src/sysmem.o ./Src/sysmem.su
rm -rf 0-led-toggle-to-struct.elf 0-led-toggle-to-struct.list 0-led-toggle-to-struct.map default.size.stdout
 
14:34:16 **** Incremental Build of configuration Debug for project 0-led-toggle-to-struct ****
make -j12 all 
arm-none-eabi-gcc -mcpu=cortex-m4 -g3 -DDEBUG -c -x assembler-with-cpp -MMD -MP -MF"Startup/startup_stm32l432kcux.d" -MT"Startup/startup_stm32l432kcux.o" --specs=nano.specs -mfpu=fpv4-sp-d16 -mfloat-abi=hard -mthumb -o "Startup/startup_stm32l432kcux.o" "../Startup/startup_stm32l432kcux.s"
arm-none-eabi-gcc "../Src/main.c" -mcpu=cortex-m4 -std=gnu11 -g3 -DDEBUG -DNUCLEO_L432KC -DSTM32L4 -DSTM32 -DSTM32L432KCUx -c -I../Inc -O0 -ffunction-sections -fdata-sections -Wall -fstack-usage -fcyclomatic-complexity -MMD -MP -MF"Src/main.d" -MT"Src/main.o" --specs=nano.specs -mfpu=fpv4-sp-d16 -mfloat-abi=hard -mthumb -o "Src/main.o"
arm-none-eabi-gcc "../Src/syscalls.c" -mcpu=cortex-m4 -std=gnu11 -g3 -DDEBUG -DNUCLEO_L432KC -DSTM32L4 -DSTM32 -DSTM32L432KCUx -c -I../Inc -O0 -ffunction-sections -fdata-sections -Wall -fstack-usage -fcyclomatic-complexity -MMD -MP -MF"Src/syscalls.d" -MT"Src/syscalls.o" --specs=nano.specs -mfpu=fpv4-sp-d16 -mfloat-abi=hard -mthumb -o "Src/syscalls.o"
arm-none-eabi-gcc "../Src/sysmem.c" -mcpu=cortex-m4 -std=gnu11 -g3 -DDEBUG -DNUCLEO_L432KC -DSTM32L4 -DSTM32 -DSTM32L432KCUx -c -I../Inc -O0 -ffunction-sections -fdata-sections -Wall -fstack-usage -fcyclomatic-complexity -MMD -MP -MF"Src/sysmem.d" -MT"Src/sysmem.o" --specs=nano.specs -mfpu=fpv4-sp-d16 -mfloat-abi=hard -mthumb -o "Src/sysmem.o"
../Src/main.c: In function 'main':
../Src/main.c:62:14: error: 'RCC_TypeDef' has no member named 'RCC_AHB1ENR'; did you mean 'RCC_AHB2ENR'?
   62 |         RCC->RCC_AHB1ENR |= GPIOBEN;
      |              ^~~~~~~~~~~
      |              RCC_AHB2ENR
make: *** [Src/subdir.mk:25: Src/main.o] Error 1
make: *** Waiting for unfinished jobs....
"make -j12 all" terminated with exit code 2. Build might be incomplete.
14:34:35 **** Clean-only build of configuration Debug for project 0-led-toggle-to-struct ****
make -j12 clean 
rm -rf ./Startup/startup_stm32l432kcux.d ./Startup/startup_stm32l432kcux.o
rm -rf ./Src/main.cyclo ./Src/main.d ./Src/main.o ./Src/main.su ./Src/syscalls.cyclo ./Src/syscalls.d ./Src/syscalls.o ./Src/syscalls.su ./Src/sysmem.cyclo ./Src/sysmem.d ./Src/sysmem.o ./Src/sysmem.su
rm -rf 0-led-toggle-to-struct.elf 0-led-toggle-to-struct.list 0-led-toggle-to-struct.map default.size.stdout
 
14:34:35 **** Incremental Build of configuration Debug for project 0-led-toggle-to-struct ****
make -j12 all 
arm-none-eabi-gcc -mcpu=cortex-m4 -g3 -DDEBUG -c -x assembler-with-cpp -MMD -MP -MF"Startup/startup_stm32l432kcux.d" -MT"Startup/startup_stm32l432kcux.o" --specs=nano.specs -mfpu=fpv4-sp-d16 -mfloat-abi=hard -mthumb -o "Startup/startup_stm32l432kcux.o" "../Startup/startup_stm32l432kcux.s"
arm-none-eabi-gcc "../Src/main.c" -mcpu=cortex-m4 -std=gnu11 -g3 -DDEBUG -DNUCLEO_L432KC -DSTM32L4 -DSTM32 -DSTM32L432KCUx -c -I../Inc -O0 -ffunction-sections -fdata-sections -Wall -fstack-usage -fcyclomatic-complexity -MMD -MP -MF"Src/main.d" -MT"Src/main.o" --specs=nano.specs -mfpu=fpv4-sp-d16 -mfloat-abi=hard -mthumb -o "Src/main.o"
arm-none-eabi-gcc "../Src/syscalls.c" -mcpu=cortex-m4 -std=gnu11 -g3 -DDEBUG -DNUCLEO_L432KC -DSTM32L4 -DSTM32 -DSTM32L432KCUx -c -I../Inc -O0 -ffunction-sections -fdata-sections -Wall -fstack-usage -fcyclomatic-complexity -MMD -MP -MF"Src/syscalls.d" -MT"Src/syscalls.o" --specs=nano.specs -mfpu=fpv4-sp-d16 -mfloat-abi=hard -mthumb -o "Src/syscalls.o"
arm-none-eabi-gcc "../Src/sysmem.c" -mcpu=cortex-m4 -std=gnu11 -g3 -DDEBUG -DNUCLEO_L432KC -DSTM32L4 -DSTM32 -DSTM32L432KCUx -c -I../Inc -O0 -ffunction-sections -fdata-sections -Wall -fstack-usage -fcyclomatic-complexity -MMD -MP -MF"Src/sysmem.d" -MT"Src/sysmem.o" --specs=nano.specs -mfpu=fpv4-sp-d16 -mfloat-abi=hard -mthumb -o "Src/sysmem.o"
arm-none-eabi-gcc -o "0-led-toggle-to-struct.elf" @"objects.list"   -mcpu=cortex-m4 -T"D:\Embedded\STM32L432KC Nucleo Board\STM32-Embedded\0-led-toggle-to-struct\STM32L432KCUX_FLASH.ld" --specs=nosys.specs -Wl,-Map="0-led-toggle-to-struct.map" -Wl,--gc-sections -static --specs=nano.specs -mfpu=fpv4-sp-d16 -mfloat-abi=hard -mthumb -Wl,--start-group -lc -lm -Wl,--end-group
Finished building target: 0-led-toggle-to-struct.elf
 
arm-none-eabi-size  0-led-toggle-to-struct.elf 
arm-none-eabi-objdump -h -S 0-led-toggle-to-struct.elf  > "0-led-toggle-to-struct.list"
   text	   data	    bss	    dec	    hex	filename
    744	      0	   1568	   2312	    908	0-led-toggle-to-struct.elf
Finished building: default.size.stdout
 
Finished building: 0-led-toggle-to-struct.list
 
14:34:57 **** Clean-only build of configuration Debug for project 0-led-toggle-to-struct ****
make -j12 clean 
rm -rf ./Startup/startup_stm32l432kcux.d ./Startup/startup_stm32l432kcux.o
rm -rf ./Src/main.cyclo ./Src/main.d ./Src/main.o ./Src/main.su ./Src/syscalls.cyclo ./Src/syscalls.d ./Src/syscalls.o ./Src/syscalls.su ./Src/sysmem.cyclo ./Src/sysmem.d ./Src/sysmem.o ./Src/sysmem.su
rm -rf 0-led-toggle-to-struct.elf 0-led-toggle-to-struct.list 0-led-toggle-to-struct.map default.size.stdout
 
14:34:57 **** Incremental Build of configuration Debug for project 0-led-toggle-to-struct ****
make -j12 all 
arm-none-eabi-gcc -mcpu=cortex-m4 -g3 -DDEBUG -c -x assembler-with-cpp -MMD -MP -MF"Startup/startup_stm32l432kcux.d" -MT"Startup/startup_stm32l432kcux.o" --specs=nano.specs -mfpu=fpv4-sp-d16 -mfloat-abi=hard -mthumb -o "Startup/startup_stm32l432kcux.o" "../Startup/startup_stm32l432kcux.s"
arm-none-eabi-gcc "../Src/main.c" -mcpu=cortex-m4 -std=gnu11 -g3 -DDEBUG -DNUCLEO_L432KC -DSTM32L4 -DSTM32 -DSTM32L432KCUx -c -I../Inc -O0 -ffunction-sections -fdata-sections -Wall -fstack-usage -fcyclomatic-complexity -MMD -MP -MF"Src/main.d" -MT"Src/main.o" --specs=nano.specs -mfpu=fpv4-sp-d16 -mfloat-abi=hard -mthumb -o "Src/main.o"
arm-none-eabi-gcc "../Src/syscalls.c" -mcpu=cortex-m4 -std=gnu11 -g3 -DDEBUG -DNUCLEO_L432KC -DSTM32L4 -DSTM32 -DSTM32L432KCUx -c -I../Inc -O0 -ffunction-sections -fdata-sections -Wall -fstack-usage -fcyclomatic-complexity -MMD -MP -MF"Src/syscalls.d" -MT"Src/syscalls.o" --specs=nano.specs -mfpu=fpv4-sp-d16 -mfloat-abi=hard -mthumb -o "Src/syscalls.o"
arm-none-eabi-gcc "../Src/sysmem.c" -mcpu=cortex-m4 -std=gnu11 -g3 -DDEBUG -DNUCLEO_L432KC -DSTM32L4 -DSTM32 -DSTM32L432KCUx -c -I../Inc -O0 -ffunction-sections -fdata-sections -Wall -fstack-usage -fcyclomatic-complexity -MMD -MP -MF"Src/sysmem.d" -MT"Src/sysmem.o" --specs=nano.specs -mfpu=fpv4-sp-d16 -mfloat-abi=hard -mthumb -o "Src/sysmem.o"
arm-none-eabi-gcc -o "0-led-toggle-to-struct.elf" @"objects.list"   -mcpu=cortex-m4 -T"D:\Embedded\STM32L432KC Nucleo Board\STM32-Embedded\0-led-toggle-to-struct\STM32L432KCUX_FLASH.ld" --specs=nosys.specs -Wl,-Map="0-led-toggle-to-struct.map" -Wl,--gc-sections -static --specs=nano.specs -mfpu=fpv4-sp-d16 -mfloat-abi=hard -mthumb -Wl,--start-group -lc -lm -Wl,--end-group
Finished building target: 0-led-toggle-to-struct.elf
 
arm-none-eabi-size  0-led-toggle-to-struct.elf 
arm-none-eabi-objdump -h -S 0-led-toggle-to-struct.elf  > "0-led-toggle-to-struct.list"
   text	   data	    bss	    dec	    hex	filename
    744	      0	   1568	   2312	    908	0-led-toggle-to-struct.elf
Finished building: default.size.stdout
 
Finished building: 0-led-toggle-to-struct.list
 
14:36:30 **** Clean-only build of configuration Debug for project 0-led-toggle-to-struct ****
make -j12 clean 
rm -rf ./Startup/startup_stm32l432kcux.d ./Startup/startup_stm32l432kcux.o
rm -rf ./Src/main.cyclo ./Src/main.d ./Src/main.o ./Src/main.su ./Src/syscalls.cyclo ./Src/syscalls.d ./Src/syscalls.o ./Src/syscalls.su ./Src/sysmem.cyclo ./Src/sysmem.d ./Src/sysmem.o ./Src/sysmem.su
rm -rf 0-led-toggle-to-struct.elf 0-led-toggle-to-struct.list 0-led-toggle-to-struct.map default.size.stdout
 
14:36:30 **** Incremental Build of configuration Debug for project 0-led-toggle-to-struct ****
make -j12 all 
arm-none-eabi-gcc -mcpu=cortex-m4 -g3 -DDEBUG -c -x assembler-with-cpp -MMD -MP -MF"Startup/startup_stm32l432kcux.d" -MT"Startup/startup_stm32l432kcux.o" --specs=nano.specs -mfpu=fpv4-sp-d16 -mfloat-abi=hard -mthumb -o "Startup/startup_stm32l432kcux.o" "../Startup/startup_stm32l432kcux.s"
arm-none-eabi-gcc "../Src/main.c" -mcpu=cortex-m4 -std=gnu11 -g3 -DDEBUG -DNUCLEO_L432KC -DSTM32L4 -DSTM32 -DSTM32L432KCUx -c -I../Inc -O0 -ffunction-sections -fdata-sections -Wall -fstack-usage -fcyclomatic-complexity -MMD -MP -MF"Src/main.d" -MT"Src/main.o" --specs=nano.specs -mfpu=fpv4-sp-d16 -mfloat-abi=hard -mthumb -o "Src/main.o"
arm-none-eabi-gcc "../Src/syscalls.c" -mcpu=cortex-m4 -std=gnu11 -g3 -DDEBUG -DNUCLEO_L432KC -DSTM32L4 -DSTM32 -DSTM32L432KCUx -c -I../Inc -O0 -ffunction-sections -fdata-sections -Wall -fstack-usage -fcyclomatic-complexity -MMD -MP -MF"Src/syscalls.d" -MT"Src/syscalls.o" --specs=nano.specs -mfpu=fpv4-sp-d16 -mfloat-abi=hard -mthumb -o "Src/syscalls.o"
arm-none-eabi-gcc "../Src/sysmem.c" -mcpu=cortex-m4 -std=gnu11 -g3 -DDEBUG -DNUCLEO_L432KC -DSTM32L4 -DSTM32 -DSTM32L432KCUx -c -I../Inc -O0 -ffunction-sections -fdata-sections -Wall -fstack-usage -fcyclomatic-complexity -MMD -MP -MF"Src/sysmem.d" -MT"Src/sysmem.o" --specs=nano.specs -mfpu=fpv4-sp-d16 -mfloat-abi=hard -mthumb -o "Src/sysmem.o"
arm-none-eabi-gcc -o "0-led-toggle-to-struct.elf" @"objects.list"   -mcpu=cortex-m4 -T"D:\Embedded\STM32L432KC Nucleo Board\STM32-Embedded\0-led-toggle-to-struct\STM32L432KCUX_FLASH.ld" --specs=nosys.specs -Wl,-Map="0-led-toggle-to-struct.map" -Wl,--gc-sections -static --specs=nano.specs -mfpu=fpv4-sp-d16 -mfloat-abi=hard -mthumb -Wl,--start-group -lc -lm -Wl,--end-group
Finished building target: 0-led-toggle-to-struct.elf
 
arm-none-eabi-size  0-led-toggle-to-struct.elf 
arm-none-eabi-objdump -h -S 0-led-toggle-to-struct.elf  > "0-led-toggle-to-struct.list"
   text	   data	    bss	    dec	    hex	filename
    744	      0	   1568	   2312	    908	0-led-toggle-to-struct.elf
Finished building: default.size.stdout
 
Finished building: 0-led-toggle-to-struct.list
 
14:37:31 **** Clean-only build of configuration Debug for project 0-led-toggle-to-struct ****
make -j12 clean 
rm -rf ./Startup/startup_stm32l432kcux.d ./Startup/startup_stm32l432kcux.o
rm -rf ./Src/main.cyclo ./Src/main.d ./Src/main.o ./Src/main.su ./Src/syscalls.cyclo ./Src/syscalls.d ./Src/syscalls.o ./Src/syscalls.su ./Src/sysmem.cyclo ./Src/sysmem.d ./Src/sysmem.o ./Src/sysmem.su
rm -rf 0-led-toggle-to-struct.elf 0-led-toggle-to-struct.list 0-led-toggle-to-struct.map default.size.stdout
 
14:37:31 **** Incremental Build of configuration Debug for project 0-led-toggle-to-struct ****
make -j12 all 
arm-none-eabi-gcc -mcpu=cortex-m4 -g3 -DDEBUG -c -x assembler-with-cpp -MMD -MP -MF"Startup/startup_stm32l432kcux.d" -MT"Startup/startup_stm32l432kcux.o" --specs=nano.specs -mfpu=fpv4-sp-d16 -mfloat-abi=hard -mthumb -o "Startup/startup_stm32l432kcux.o" "../Startup/startup_stm32l432kcux.s"
arm-none-eabi-gcc "../Src/main.c" -mcpu=cortex-m4 -std=gnu11 -g3 -DDEBUG -DNUCLEO_L432KC -DSTM32L4 -DSTM32 -DSTM32L432KCUx -c -I../Inc -O0 -ffunction-sections -fdata-sections -Wall -fstack-usage -fcyclomatic-complexity -MMD -MP -MF"Src/main.d" -MT"Src/main.o" --specs=nano.specs -mfpu=fpv4-sp-d16 -mfloat-abi=hard -mthumb -o "Src/main.o"
arm-none-eabi-gcc "../Src/syscalls.c" -mcpu=cortex-m4 -std=gnu11 -g3 -DDEBUG -DNUCLEO_L432KC -DSTM32L4 -DSTM32 -DSTM32L432KCUx -c -I../Inc -O0 -ffunction-sections -fdata-sections -Wall -fstack-usage -fcyclomatic-complexity -MMD -MP -MF"Src/syscalls.d" -MT"Src/syscalls.o" --specs=nano.specs -mfpu=fpv4-sp-d16 -mfloat-abi=hard -mthumb -o "Src/syscalls.o"
arm-none-eabi-gcc "../Src/sysmem.c" -mcpu=cortex-m4 -std=gnu11 -g3 -DDEBUG -DNUCLEO_L432KC -DSTM32L4 -DSTM32 -DSTM32L432KCUx -c -I../Inc -O0 -ffunction-sections -fdata-sections -Wall -fstack-usage -fcyclomatic-complexity -MMD -MP -MF"Src/sysmem.d" -MT"Src/sysmem.o" --specs=nano.specs -mfpu=fpv4-sp-d16 -mfloat-abi=hard -mthumb -o "Src/sysmem.o"
arm-none-eabi-gcc -o "0-led-toggle-to-struct.elf" @"objects.list"   -mcpu=cortex-m4 -T"D:\Embedded\STM32L432KC Nucleo Board\STM32-Embedded\0-led-toggle-to-struct\STM32L432KCUX_FLASH.ld" --specs=nosys.specs -Wl,-Map="0-led-toggle-to-struct.map" -Wl,--gc-sections -static --specs=nano.specs -mfpu=fpv4-sp-d16 -mfloat-abi=hard -mthumb -Wl,--start-group -lc -lm -Wl,--end-group
Finished building target: 0-led-toggle-to-struct.elf
 
arm-none-eabi-size  0-led-toggle-to-struct.elf 
arm-none-eabi-objdump -h -S 0-led-toggle-to-struct.elf  > "0-led-toggle-to-struct.list"
   text	   data	    bss	    dec	    hex	filename
    744	      0	   1568	   2312	    908	0-led-toggle-to-struct.elf
Finished building: default.size.stdout
 
Finished building: 0-led-toggle-to-struct.list
 
