01:39:53 **** Build of configuration Debug for project 0-led-toggle ****
make -j12 all 
arm-none-eabi-gcc -mcpu=cortex-m4 -g3 -DDEBUG -c -x assembler-with-cpp -MMD -MP -MF"Startup/startup_stm32l432kcux.d" -MT"Startup/startup_stm32l432kcux.o" --specs=nano.specs -mfpu=fpv4-sp-d16 -mfloat-abi=hard -mthumb -o "Startup/startup_stm32l432kcux.o" "../Startup/startup_stm32l432kcux.s"
arm-none-eabi-gcc "../Src/main.c" -mcpu=cortex-m4 -std=gnu11 -g3 -DDEBUG -DNUCLEO_L432KC -DSTM32L4 -DSTM32 -DSTM32L432KCUx -c -I../Inc -O0 -ffunction-sections -fdata-sections -Wall -fstack-usage -fcyclomatic-complexity -MMD -MP -MF"Src/main.d" -MT"Src/main.o" --specs=nano.specs -mfpu=fpv4-sp-d16 -mfloat-abi=hard -mthumb -o "Src/main.o"
arm-none-eabi-gcc "../Src/syscalls.c" -mcpu=cortex-m4 -std=gnu11 -g3 -DDEBUG -DNUCLEO_L432KC -DSTM32L4 -DSTM32 -DSTM32L432KCUx -c -I../Inc -O0 -ffunction-sections -fdata-sections -Wall -fstack-usage -fcyclomatic-complexity -MMD -MP -MF"Src/syscalls.d" -MT"Src/syscalls.o" --specs=nano.specs -mfpu=fpv4-sp-d16 -mfloat-abi=hard -mthumb -o "Src/syscalls.o"
arm-none-eabi-gcc "../Src/sysmem.c" -mcpu=cortex-m4 -std=gnu11 -g3 -DDEBUG -DNUCLEO_L432KC -DSTM32L4 -DSTM32 -DSTM32L432KCUx -c -I../Inc -O0 -ffunction-sections -fdata-sections -Wall -fstack-usage -fcyclomatic-complexity -MMD -MP -MF"Src/sysmem.d" -MT"Src/sysmem.o" --specs=nano.specs -mfpu=fpv4-sp-d16 -mfloat-abi=hard -mthumb -o "Src/sysmem.o"
arm-none-eabi-gcc -o "0-led-toggle.elf" @"objects.list"   -mcpu=cortex-m4 -T"D:\Embedded\STM32L432KC Nucleo Board\STM32-Embedded\0-led-toggle\STM32L432KCUX_FLASH.ld" --specs=nosys.specs -Wl,-Map="0-led-toggle.map" -Wl,--gc-sections -static --specs=nano.specs -mfpu=fpv4-sp-d16 -mfloat-abi=hard -mthumb -Wl,--start-group -lc -lm -Wl,--end-group
Finished building target: 0-led-toggle.elf
 
arm-none-eabi-size  0-led-toggle.elf 
arm-none-eabi-objdump -h -S 0-led-toggle.elf  > "0-led-toggle.list"
   text	   data	    bss	    dec	    hex	filename
    724	      0	   1568	   2292	    8f4	0-led-toggle.elf
Finished building: default.size.stdout
 
Finished building: 0-led-toggle.list
 
01:41:05 **** Incremental Build of configuration Debug for project 0-led-toggle ****
make -j12 all 
arm-none-eabi-size  0-led-toggle.elf 
   text	   data	    bss	    dec	    hex	filename
    724	      0	   1568	   2292	    8f4	0-led-toggle.elf
Finished building: default.size.stdout
 
02:02:59 **** Incremental Build of configuration Debug for project 0-led-toggle ****
make -j12 all 
arm-none-eabi-size  0-led-toggle.elf 
   text	   data	    bss	    dec	    hex	filename
    724	      0	   1568	   2292	    8f4	0-led-toggle.elf
Finished building: default.size.stdout
 
02:09:01 **** Incremental Build of configuration Debug for project 0-led-toggle ****
make -j12 all 
arm-none-eabi-gcc "../Src/main.c" -mcpu=cortex-m4 -std=gnu11 -g3 -DDEBUG -DNUCLEO_L432KC -DSTM32L4 -DSTM32 -DSTM32L432KCUx -c -I../Inc -O0 -ffunction-sections -fdata-sections -Wall -fstack-usage -fcyclomatic-complexity -MMD -MP -MF"Src/main.d" -MT"Src/main.o" --specs=nano.specs -mfpu=fpv4-sp-d16 -mfloat-abi=hard -mthumb -o "Src/main.o"
arm-none-eabi-gcc -o "0-led-toggle.elf" @"objects.list"   -mcpu=cortex-m4 -T"D:\Embedded\STM32L432KC Nucleo Board\STM32-Embedded\0-led-toggle\STM32L432KCUX_FLASH.ld" --specs=nosys.specs -Wl,-Map="0-led-toggle.map" -Wl,--gc-sections -static --specs=nano.specs -mfpu=fpv4-sp-d16 -mfloat-abi=hard -mthumb -Wl,--start-group -lc -lm -Wl,--end-group
Finished building target: 0-led-toggle.elf
 
arm-none-eabi-size  0-led-toggle.elf 
arm-none-eabi-objdump -h -S 0-led-toggle.elf  > "0-led-toggle.list"
   text	   data	    bss	    dec	    hex	filename
    724	      0	   1568	   2292	    8f4	0-led-toggle.elf
Finished building: default.size.stdout
 
Finished building: 0-led-toggle.list
 
02:10:17 **** Incremental Build of configuration Debug for project 0-led-toggle ****
make -j12 all 
arm-none-eabi-gcc "../Src/main.c" -mcpu=cortex-m4 -std=gnu11 -g3 -DDEBUG -DNUCLEO_L432KC -DSTM32L4 -DSTM32 -DSTM32L432KCUx -c -I../Inc -O0 -ffunction-sections -fdata-sections -Wall -fstack-usage -fcyclomatic-complexity -MMD -MP -MF"Src/main.d" -MT"Src/main.o" --specs=nano.specs -mfpu=fpv4-sp-d16 -mfloat-abi=hard -mthumb -o "Src/main.o"
arm-none-eabi-gcc -o "0-led-toggle.elf" @"objects.list"   -mcpu=cortex-m4 -T"D:\Embedded\STM32L432KC Nucleo Board\STM32-Embedded\0-led-toggle\STM32L432KCUX_FLASH.ld" --specs=nosys.specs -Wl,-Map="0-led-toggle.map" -Wl,--gc-sections -static --specs=nano.specs -mfpu=fpv4-sp-d16 -mfloat-abi=hard -mthumb -Wl,--start-group -lc -lm -Wl,--end-group
Finished building target: 0-led-toggle.elf
 
arm-none-eabi-size  0-led-toggle.elf 
arm-none-eabi-objdump -h -S 0-led-toggle.elf  > "0-led-toggle.list"
   text	   data	    bss	    dec	    hex	filename
    724	      0	   1568	   2292	    8f4	0-led-toggle.elf
Finished building: default.size.stdout
 
Finished building: 0-led-toggle.list
 
02:10:36 **** Incremental Build of configuration Debug for project 0-led-toggle ****
make -j12 all 
arm-none-eabi-size  0-led-toggle.elf 
   text	   data	    bss	    dec	    hex	filename
    724	      0	   1568	   2292	    8f4	0-led-toggle.elf
Finished building: default.size.stdout
 
02:11:50 **** Incremental Build of configuration Debug for project 0-led-toggle ****
make -j12 all 
arm-none-eabi-gcc "../Src/main.c" -mcpu=cortex-m4 -std=gnu11 -g3 -DDEBUG -DNUCLEO_L432KC -DSTM32L4 -DSTM32 -DSTM32L432KCUx -c -I../Inc -O0 -ffunction-sections -fdata-sections -Wall -fstack-usage -fcyclomatic-complexity -MMD -MP -MF"Src/main.d" -MT"Src/main.o" --specs=nano.specs -mfpu=fpv4-sp-d16 -mfloat-abi=hard -mthumb -o "Src/main.o"
../Src/main.c: In function 'main':
../Src/main.c:48:9: error: 'GPIOB_MODER_R' undeclared (first use in this function); did you mean 'GPIOB_MORE_R'?
   48 |         GPIOB_MODER_R &= ~(3U << (2 * 3));  // Clear mode bits for pin 3
      |         ^~~~~~~~~~~~~
      |         GPIOB_MORE_R
../Src/main.c:48:9: note: each undeclared identifier is reported only once for each function it appears in
make: *** [Src/subdir.mk:25: Src/main.o] Error 1
"make -j12 all" terminated with exit code 2. Build might be incomplete.
02:11:58 **** Incremental Build of configuration Debug for project 0-led-toggle ****
make -j12 all 
arm-none-eabi-gcc "../Src/main.c" -mcpu=cortex-m4 -std=gnu11 -g3 -DDEBUG -DNUCLEO_L432KC -DSTM32L4 -DSTM32 -DSTM32L432KCUx -c -I../Inc -O0 -ffunction-sections -fdata-sections -Wall -fstack-usage -fcyclomatic-complexity -MMD -MP -MF"Src/main.d" -MT"Src/main.o" --specs=nano.specs -mfpu=fpv4-sp-d16 -mfloat-abi=hard -mthumb -o "Src/main.o"
../Src/main.c: In function 'main':
../Src/main.c:48:9: error: 'GPIOB_MODER_R' undeclared (first use in this function); did you mean 'GPIOB_MORE_R'?
   48 |         GPIOB_MODER_R &= ~(3U << (2 * 3));  // Clear mode bits for pin 3
      |         ^~~~~~~~~~~~~
      |         GPIOB_MORE_R
../Src/main.c:48:9: note: each undeclared identifier is reported only once for each function it appears in
make: *** [Src/subdir.mk:25: Src/main.o] Error 1
"make -j12 all" terminated with exit code 2. Build might be incomplete.
02:12:46 **** Incremental Build of configuration Debug for project 0-led-toggle ****
make -j12 all 
arm-none-eabi-gcc "../Src/main.c" -mcpu=cortex-m4 -std=gnu11 -g3 -DDEBUG -DNUCLEO_L432KC -DSTM32L4 -DSTM32 -DSTM32L432KCUx -c -I../Inc -O0 -ffunction-sections -fdata-sections -Wall -fstack-usage -fcyclomatic-complexity -MMD -MP -MF"Src/main.d" -MT"Src/main.o" --specs=nano.specs -mfpu=fpv4-sp-d16 -mfloat-abi=hard -mthumb -o "Src/main.o"
arm-none-eabi-gcc -o "0-led-toggle.elf" @"objects.list"   -mcpu=cortex-m4 -T"D:\Embedded\STM32L432KC Nucleo Board\STM32-Embedded\0-led-toggle\STM32L432KCUX_FLASH.ld" --specs=nosys.specs -Wl,-Map="0-led-toggle.map" -Wl,--gc-sections -static --specs=nano.specs -mfpu=fpv4-sp-d16 -mfloat-abi=hard -mthumb -Wl,--start-group -lc -lm -Wl,--end-group
Finished building target: 0-led-toggle.elf
 
arm-none-eabi-size  0-led-toggle.elf 
arm-none-eabi-objdump -h -S 0-led-toggle.elf  > "0-led-toggle.list"
   text	   data	    bss	    dec	    hex	filename
    724	      0	   1568	   2292	    8f4	0-led-toggle.elf
Finished building: default.size.stdout
 
Finished building: 0-led-toggle.list
 
02:15:45 **** Incremental Build of configuration Debug for project 0-led-toggle ****
make -j12 all 
arm-none-eabi-gcc "../Src/main.c" -mcpu=cortex-m4 -std=gnu11 -g3 -DDEBUG -DNUCLEO_L432KC -DSTM32L4 -DSTM32 -DSTM32L432KCUx -c -I../Inc -O0 -ffunction-sections -fdata-sections -Wall -fstack-usage -fcyclomatic-complexity -MMD -MP -MF"Src/main.d" -MT"Src/main.o" --specs=nano.specs -mfpu=fpv4-sp-d16 -mfloat-abi=hard -mthumb -o "Src/main.o"
arm-none-eabi-gcc -o "0-led-toggle.elf" @"objects.list"   -mcpu=cortex-m4 -T"D:\Embedded\STM32L432KC Nucleo Board\STM32-Embedded\0-led-toggle\STM32L432KCUX_FLASH.ld" --specs=nosys.specs -Wl,-Map="0-led-toggle.map" -Wl,--gc-sections -static --specs=nano.specs -mfpu=fpv4-sp-d16 -mfloat-abi=hard -mthumb -Wl,--start-group -lc -lm -Wl,--end-group
Finished building target: 0-led-toggle.elf
 
arm-none-eabi-size  0-led-toggle.elf 
arm-none-eabi-objdump -h -S 0-led-toggle.elf  > "0-led-toggle.list"
   text	   data	    bss	    dec	    hex	filename
    724	      0	   1568	   2292	    8f4	0-led-toggle.elf
Finished building: default.size.stdout
 
Finished building: 0-led-toggle.list
 
02:16:20 **** Incremental Build of configuration Debug for project 0-led-toggle ****
make -j12 all 
arm-none-eabi-size  0-led-toggle.elf 
   text	   data	    bss	    dec	    hex	filename
    724	      0	   1568	   2292	    8f4	0-led-toggle.elf
Finished building: default.size.stdout
 
02:18:42 **** Incremental Build of configuration Debug for project 0-led-toggle ****
make -j12 all 
arm-none-eabi-size  0-led-toggle.elf 
   text	   data	    bss	    dec	    hex	filename
    724	      0	   1568	   2292	    8f4	0-led-toggle.elf
Finished building: default.size.stdout
 
02:23:12 **** Incremental Build of configuration Debug for project 0-led-toggle ****
make -j12 all 
arm-none-eabi-size  0-led-toggle.elf 
   text	   data	    bss	    dec	    hex	filename
    724	      0	   1568	   2292	    8f4	0-led-toggle.elf
Finished building: default.size.stdout
 
14:29:41 **** Incremental Build of configuration Debug for project 0-led-toggle ****
make -j12 all 
arm-none-eabi-gcc "../Src/main.c" -mcpu=cortex-m4 -std=gnu11 -g3 -DDEBUG -DNUCLEO_L432KC -DSTM32L4 -DSTM32 -DSTM32L432KCUx -c -I../Inc -O0 -ffunction-sections -fdata-sections -Wall -fstack-usage -fcyclomatic-complexity -MMD -MP -MF"Src/main.d" -MT"Src/main.o" --specs=nano.specs -mfpu=fpv4-sp-d16 -mfloat-abi=hard -mthumb -o "Src/main.o"
arm-none-eabi-gcc -o "0-led-toggle.elf" @"objects.list"   -mcpu=cortex-m4 -T"D:\Embedded\STM32L432KC Nucleo Board\STM32-Embedded\0-led-toggle\STM32L432KCUX_FLASH.ld" --specs=nosys.specs -Wl,-Map="0-led-toggle.map" -Wl,--gc-sections -static --specs=nano.specs -mfpu=fpv4-sp-d16 -mfloat-abi=hard -mthumb -Wl,--start-group -lc -lm -Wl,--end-group
Finished building target: 0-led-toggle.elf
 
arm-none-eabi-size  0-led-toggle.elf 
arm-none-eabi-objdump -h -S 0-led-toggle.elf  > "0-led-toggle.list"
   text	   data	    bss	    dec	    hex	filename
    724	      0	   1568	   2292	    8f4	0-led-toggle.elf
Finished building: default.size.stdout
 
Finished building: 0-led-toggle.list
 
14:30:41 **** Incremental Build of configuration Debug for project 0-led-toggle ****
make -j12 all 
arm-none-eabi-size  0-led-toggle.elf 
   text	   data	    bss	    dec	    hex	filename
    724	      0	   1568	   2292	    8f4	0-led-toggle.elf
Finished building: default.size.stdout
 
14:30:49 **** Incremental Build of configuration Debug for project 0-led-toggle ****
make -j12 all 
arm-none-eabi-gcc "../Src/main.c" -mcpu=cortex-m4 -std=gnu11 -g3 -DDEBUG -DNUCLEO_L432KC -DSTM32L4 -DSTM32 -DSTM32L432KCUx -c -I../Inc -O0 -ffunction-sections -fdata-sections -Wall -fstack-usage -fcyclomatic-complexity -MMD -MP -MF"Src/main.d" -MT"Src/main.o" --specs=nano.specs -mfpu=fpv4-sp-d16 -mfloat-abi=hard -mthumb -o "Src/main.o"
arm-none-eabi-gcc -o "0-led-toggle.elf" @"objects.list"   -mcpu=cortex-m4 -T"D:\Embedded\STM32L432KC Nucleo Board\STM32-Embedded\0-led-toggle\STM32L432KCUX_FLASH.ld" --specs=nosys.specs -Wl,-Map="0-led-toggle.map" -Wl,--gc-sections -static --specs=nano.specs -mfpu=fpv4-sp-d16 -mfloat-abi=hard -mthumb -Wl,--start-group -lc -lm -Wl,--end-group
Finished building target: 0-led-toggle.elf
 
arm-none-eabi-size  0-led-toggle.elf 
arm-none-eabi-objdump -h -S 0-led-toggle.elf  > "0-led-toggle.list"
   text	   data	    bss	    dec	    hex	filename
    724	      0	   1568	   2292	    8f4	0-led-toggle.elf
Finished building: default.size.stdout
 
Finished building: 0-led-toggle.list
 
14:31:56 **** Incremental Build of configuration Debug for project 0-led-toggle ****
make -j12 all 
arm-none-eabi-gcc "../Src/main.c" -mcpu=cortex-m4 -std=gnu11 -g3 -DDEBUG -DNUCLEO_L432KC -DSTM32L4 -DSTM32 -DSTM32L432KCUx -c -I../Inc -O0 -ffunction-sections -fdata-sections -Wall -fstack-usage -fcyclomatic-complexity -MMD -MP -MF"Src/main.d" -MT"Src/main.o" --specs=nano.specs -mfpu=fpv4-sp-d16 -mfloat-abi=hard -mthumb -o "Src/main.o"
arm-none-eabi-gcc -o "0-led-toggle.elf" @"objects.list"   -mcpu=cortex-m4 -T"D:\Embedded\STM32L432KC Nucleo Board\STM32-Embedded\0-led-toggle\STM32L432KCUX_FLASH.ld" --specs=nosys.specs -Wl,-Map="0-led-toggle.map" -Wl,--gc-sections -static --specs=nano.specs -mfpu=fpv4-sp-d16 -mfloat-abi=hard -mthumb -Wl,--start-group -lc -lm -Wl,--end-group
Finished building target: 0-led-toggle.elf
 
arm-none-eabi-size  0-led-toggle.elf 
arm-none-eabi-objdump -h -S 0-led-toggle.elf  > "0-led-toggle.list"
   text	   data	    bss	    dec	    hex	filename
    724	      0	   1568	   2292	    8f4	0-led-toggle.elf
Finished building: default.size.stdout
 
Finished building: 0-led-toggle.list
 
14:32:25 **** Incremental Build of configuration Debug for project 0-led-toggle ****
make -j12 all 
arm-none-eabi-gcc -mcpu=cortex-m4 -g3 -DDEBUG -c -x assembler-with-cpp -MMD -MP -MF"Startup/startup_stm32l432kcux.d" -MT"Startup/startup_stm32l432kcux.o" --specs=nano.specs -mfpu=fpv4-sp-d16 -mfloat-abi=hard -mthumb -o "Startup/startup_stm32l432kcux.o" "../Startup/startup_stm32l432kcux.s"
arm-none-eabi-gcc "../Src/main.c" -mcpu=cortex-m4 -std=gnu11 -g3 -DDEBUG -DNUCLEO_L432KC -DSTM32L4 -DSTM32 -DSTM32L432KCUx -c -I../Inc -O0 -ffunction-sections -fdata-sections -Wall -fstack-usage -fcyclomatic-complexity -MMD -MP -MF"Src/main.d" -MT"Src/main.o" --specs=nano.specs -mfpu=fpv4-sp-d16 -mfloat-abi=hard -mthumb -o "Src/main.o"
arm-none-eabi-gcc -o "0-led-toggle.elf" @"objects.list"   -mcpu=cortex-m4 -T"D:\Embedded\STM32L432KC Nucleo Board\STM32-Embedded\0-led-toggle\STM32L432KCUX_FLASH.ld" --specs=nosys.specs -Wl,-Map="0-led-toggle.map" -Wl,--gc-sections -static --specs=nano.specs -mfpu=fpv4-sp-d16 -mfloat-abi=hard -mthumb -Wl,--start-group -lc -lm -Wl,--end-group
Finished building target: 0-led-toggle.elf
 
arm-none-eabi-size  0-led-toggle.elf 
arm-none-eabi-objdump -h -S 0-led-toggle.elf  > "0-led-toggle.list"
   text	   data	    bss	    dec	    hex	filename
    748	      0	   1568	   2316	    90c	0-led-toggle.elf
Finished building: default.size.stdout
 
Finished building: 0-led-toggle.list
 
14:32:44 **** Incremental Build of configuration Debug for project 0-led-toggle ****
make -j12 all 
arm-none-eabi-gcc "../Src/main.c" -mcpu=cortex-m4 -std=gnu11 -g3 -DDEBUG -DNUCLEO_L432KC -DSTM32L4 -DSTM32 -DSTM32L432KCUx -c -I../Inc -O0 -ffunction-sections -fdata-sections -Wall -fstack-usage -fcyclomatic-complexity -MMD -MP -MF"Src/main.d" -MT"Src/main.o" --specs=nano.specs -mfpu=fpv4-sp-d16 -mfloat-abi=hard -mthumb -o "Src/main.o"
arm-none-eabi-gcc -o "0-led-toggle.elf" @"objects.list"   -mcpu=cortex-m4 -T"D:\Embedded\STM32L432KC Nucleo Board\STM32-Embedded\0-led-toggle\STM32L432KCUX_FLASH.ld" --specs=nosys.specs -Wl,-Map="0-led-toggle.map" -Wl,--gc-sections -static --specs=nano.specs -mfpu=fpv4-sp-d16 -mfloat-abi=hard -mthumb -Wl,--start-group -lc -lm -Wl,--end-group
Finished building target: 0-led-toggle.elf
 
arm-none-eabi-size  0-led-toggle.elf 
arm-none-eabi-objdump -h -S 0-led-toggle.elf  > "0-led-toggle.list"
   text	   data	    bss	    dec	    hex	filename
    748	      0	   1568	   2316	    90c	0-led-toggle.elf
Finished building: default.size.stdout
 
Finished building: 0-led-toggle.list
 
